Script ran at: 2026-04-02 15:46:11.980590
Script ran at: 2026-04-02 16:15:33.218662
